// Jest Snapshot v1, https://goo.gl/fbAQLP

exports[`renders correctly 1`] = `
<section
  className="mission-section"
>
  <table
    className="mission-table"
  >
    <thead>
      <tr>
        <th>
          Mission
        </th>
        <th>
          Description
        </th>
        <th>
          Status
        </th>
        <th>
          Â 
        </th>
      </tr>
    </thead>
    <tbody />
  </table>
</section>
`;
