// Jest Snapshot v1, https://goo.gl/fbAQLP

exports[`renders correctly 1`] = `
<div
  className="my-profile"
>
  <div
    className="my-profile-align"
  >
    <div
      className="my-profile-item"
    >
      <h2>
        My Missions
      </h2>
      <p>
        Be the first to join...
      </p>
    </div>
    <div
      className="my-profile-item"
    >
      <h2>
        My Rockets
      </h2>
      <p>
        Be the first to reserve...
      </p>
    </div>
  </div>
</div>
`;
